---
source: src/render/svg/mod.rs
expression: svg
---
<?xml version="1.0" encoding="utf-8" ?>
<svg xmlns="http://www.w3.org/2000/svg" xmlns:xlink="http://www.w3.org/1999/xlink" width="100" height="80">
	<rect fill="#CCC" width="100" height="80"/>
	<rect fill="none" stroke="red" stroke-width="10" stroke-miterlimit="4" x="5" y="5" width="90" height="70"/>
</svg>
