---
source: src/render/svg/mod.rs
expression: svg
---
<?xml version="1.0" encoding="utf-8" ?>
<svg xmlns="http://www.w3.org/2000/svg" xmlns:xlink="http://www.w3.org/1999/xlink" width="100" height="100"><g opacity="0.5" style="mix-blend-mode:multiply">
	<rect fill="#0080FF" width="100" height="100"/>
</g></svg>
