---
source: src/render/svg/tests.rs
expression: svg
---
<?xml version="1.0" encoding="utf-8" ?>
<svg xmlns="http://www.w3.org/2000/svg" xmlns:xlink="http://www.w3.org/1999/xlink" width="237.64102" height="157.64102" viewBox="0 0 237.64102 157.64102"><defs><filter id="fx0" filterUnits="userSpaceOnUse" x="0" y="0" width="237.64102" height="157.64102" color-interpolation-filters="sRGB"><feFlood flood-opacity="0" result="bg"/><feColorMatrix in="SourceAlpha" type="matrix" values="0 0 0 0 0 0 0 0 0 0 0 0 0 0 0 0 0 0 127 0" result="alpha"/><feOffset in="alpha" dx="0" dy="0" result="off"/><feGaussianBlur in="off" stdDeviation="6.2735023" result="blurred"/><feColorMatrix in="blurred" type="matrix" values="0 0 0 0 0 0 0 0 0 0 0 0 0 0 0 0 0 0 0.39215687 0" result="colored"/><feBlend mode="normal" in="colored" in2="bg" result="drop0"/></filter></defs><g filter="url(#fx0)">
	<rect fill="#F0F0F0" transform="translate(18.8205 18.8205)" width="200" height="120"/>
	<rect fill="#00C800" transform="translate(18.8205 18.8205)" x="20" y="20" width="80" height="60"/>
</g>
	<rect fill="#F0F0F0" transform="translate(18.8205 10.8205)" width="200" height="120"/>
	<rect fill="#00C800" transform="translate(18.8205 10.8205)" x="20" y="20" width="80" height="60"/>
</svg>
