---
source: src/render/svg/tests.rs
expression: svg
---
<?xml version="1.0" encoding="utf-8" ?>
<svg xmlns="http://www.w3.org/2000/svg" xmlns:xlink="http://www.w3.org/1999/xlink" width="123.78461" height="103.78461" viewBox="0 0 123.78461 103.78461"><defs><filter id="fx0" filterUnits="userSpaceOnUse" x="0" y="0" width="123.78461" height="103.78461" color-interpolation-filters="sRGB"><feFlood flood-opacity="0" result="bg"/><feBlend mode="normal" in="SourceGraphic" in2="bg" result="shape"/><feColorMatrix in="SourceAlpha" type="matrix" values="0 0 0 0 0 0 0 0 0 0 0 0 0 0 0 0 0 0 127 0" result="hardAlpha"/><feOffset in="hardAlpha" dx="2" dy="3" result="off"/><feGaussianBlur in="off" stdDeviation="3.9641016" result="blurred"/><feComposite in="blurred" in2="hardAlpha" operator="arithmetic" k2="-1" k3="1" result="shadow"/><feColorMatrix in="shadow" type="matrix" values="0 0 0 0 0 0 0 0 0 0 0 0 0 0 0 0 0 0 0.7058824 0" result="colored"/><feBlend mode="normal" in="colored" in2="shape" result="inner0"/></filter></defs><g filter="url(#fx0)">
	<rect fill="#0080FF" transform="translate(9.8923 8.8923)" width="100" height="80"/>
</g></svg>
