---
source: src/render/svg/tests.rs
expression: svg
---
<?xml version="1.0" encoding="utf-8" ?>
<svg xmlns="http://www.w3.org/2000/svg" xmlns:xlink="http://www.w3.org/1999/xlink" width="223.7846" height="25.892303" viewBox="0 0 223.7846 25.892303"><defs><filter id="fx0" filterUnits="userSpaceOnUse" x="0" y="0" width="223.7846" height="25.892303" color-interpolation-filters="sRGB"><feFlood flood-opacity="0" result="bg"/><feColorMatrix in="SourceAlpha" type="matrix" values="0 0 0 0 0 0 0 0 0 0 0 0 0 0 0 0 0 0 127 0" result="alpha"/><feOffset in="alpha" dx="0" dy="12" result="off"/><feGaussianBlur in="off" stdDeviation="3.9641016" result="blurred"/><feColorMatrix in="blurred" type="matrix" values="0 0 0 0 0 0 0 0 0 0 0 0 0 0 0 0 0 0 0.8 0" result="colored"/><feBlend mode="normal" in="colored" in2="bg" result="drop0"/><feBlend mode="normal" in="SourceGraphic" in2="drop0" result="shape"/></filter></defs><g filter="url(#fx0)">
	<rect fill="#3D7BFF" transform="translate(11.8923 0)" width="200" height="2"/>
</g></svg>
