---
source: src/render/svg/tests.rs
expression: svg
---
<?xml version="1.0" encoding="utf-8" ?>
<svg xmlns="http://www.w3.org/2000/svg" xmlns:xlink="http://www.w3.org/1999/xlink" width="120" height="100" viewBox="0 0 120 100">
	<path fill="red" transform="translate(-10 -10)" d="M10 10L130 10L130 110L10 110L10 10ZM120 20L20 20L20 100L120 100L120 20Z" fill-rule="evenodd"/>
</svg>
